Archive member included to satisfy reference by file (symbol)

c:/program files (x86)/atmel/studio/7.0/toolchain/arm/arm-gnu-toolchain/bin/../lib/gcc/arm-none-eabi/6.3.1/thumb/v6-m\libgcc.a(_divsi3.o)
                              main.o (__aeabi_idiv)
c:/program files (x86)/atmel/studio/7.0/toolchain/arm/arm-gnu-toolchain/bin/../lib/gcc/arm-none-eabi/6.3.1/thumb/v6-m\libgcc.a(_dvmd_tls.o)
                              c:/program files (x86)/atmel/studio/7.0/toolchain/arm/arm-gnu-toolchain/bin/../lib/gcc/arm-none-eabi/6.3.1/thumb/v6-m\libgcc.a(_divsi3.o) (__aeabi_idiv0)
c:/program files (x86)/atmel/studio/7.0/toolchain/arm/arm-gnu-toolchain/bin/../lib/gcc/arm-none-eabi/6.3.1/thumb/v6-m\libgcc.a(_muldi3.o)
                              crt_sercom.o (__aeabi_lmul)
c:/program files (x86)/atmel/studio/7.0/toolchain/arm/arm-gnu-toolchain/bin/../lib/gcc/arm-none-eabi/6.3.1/../../../../arm-none-eabi/lib/thumb/v6-m\libc.a(lib_a-exit.o)
                              c:/program files (x86)/atmel/studio/7.0/toolchain/arm/arm-gnu-toolchain/bin/../lib/gcc/arm-none-eabi/6.3.1/../../../../arm-none-eabi/lib/thumb/v6-m/crt0.o (exit)
c:/program files (x86)/atmel/studio/7.0/toolchain/arm/arm-gnu-toolchain/bin/../lib/gcc/arm-none-eabi/6.3.1/../../../../arm-none-eabi/lib/thumb/v6-m\libc.a(lib_a-impure.o)
                              c:/program files (x86)/atmel/studio/7.0/toolchain/arm/arm-gnu-toolchain/bin/../lib/gcc/arm-none-eabi/6.3.1/../../../../arm-none-eabi/lib/thumb/v6-m\libc.a(lib_a-exit.o) (_global_impure_ptr)
c:/program files (x86)/atmel/studio/7.0/toolchain/arm/arm-gnu-toolchain/bin/../lib/gcc/arm-none-eabi/6.3.1/../../../../arm-none-eabi/lib/thumb/v6-m\libc.a(lib_a-init.o)
                              c:/program files (x86)/atmel/studio/7.0/toolchain/arm/arm-gnu-toolchain/bin/../lib/gcc/arm-none-eabi/6.3.1/../../../../arm-none-eabi/lib/thumb/v6-m/crt0.o (__libc_init_array)
c:/program files (x86)/atmel/studio/7.0/toolchain/arm/arm-gnu-toolchain/bin/../lib/gcc/arm-none-eabi/6.3.1/../../../../arm-none-eabi/lib/thumb/v6-m\libc.a(lib_a-memset.o)
                              c:/program files (x86)/atmel/studio/7.0/toolchain/arm/arm-gnu-toolchain/bin/../lib/gcc/arm-none-eabi/6.3.1/../../../../arm-none-eabi/lib/thumb/v6-m/crt0.o (memset)
c:/program files (x86)/atmel/studio/7.0/toolchain/arm/arm-gnu-toolchain/bin/../lib/gcc/arm-none-eabi/6.3.1/../../../../arm-none-eabi/lib/thumb/v6-m\libc.a(lib_a-__call_atexit.o)
                              c:/program files (x86)/atmel/studio/7.0/toolchain/arm/arm-gnu-toolchain/bin/../lib/gcc/arm-none-eabi/6.3.1/../../../../arm-none-eabi/lib/thumb/v6-m\libc.a(lib_a-exit.o) (__call_exitprocs)
c:/program files (x86)/atmel/studio/7.0/toolchain/arm/arm-gnu-toolchain/bin/../lib/gcc/arm-none-eabi/6.3.1/../../../../arm-none-eabi/lib/thumb/v6-m\libc.a(lib_a-atexit.o)
                              c:/program files (x86)/atmel/studio/7.0/toolchain/arm/arm-gnu-toolchain/bin/../lib/gcc/arm-none-eabi/6.3.1/../../../../arm-none-eabi/lib/thumb/v6-m\libc.a(lib_a-__call_atexit.o) (atexit)
c:/program files (x86)/atmel/studio/7.0/toolchain/arm/arm-gnu-toolchain/bin/../lib/gcc/arm-none-eabi/6.3.1/../../../../arm-none-eabi/lib/thumb/v6-m\libc.a(lib_a-fini.o)
                              c:/program files (x86)/atmel/studio/7.0/toolchain/arm/arm-gnu-toolchain/bin/../lib/gcc/arm-none-eabi/6.3.1/../../../../arm-none-eabi/lib/thumb/v6-m\libc.a(lib_a-__call_atexit.o) (__libc_fini_array)
c:/program files (x86)/atmel/studio/7.0/toolchain/arm/arm-gnu-toolchain/bin/../lib/gcc/arm-none-eabi/6.3.1/../../../../arm-none-eabi/lib/thumb/v6-m\libc.a(lib_a-lock.o)
                              c:/program files (x86)/atmel/studio/7.0/toolchain/arm/arm-gnu-toolchain/bin/../lib/gcc/arm-none-eabi/6.3.1/../../../../arm-none-eabi/lib/thumb/v6-m\libc.a(lib_a-__call_atexit.o) (__retarget_lock_acquire_recursive)
c:/program files (x86)/atmel/studio/7.0/toolchain/arm/arm-gnu-toolchain/bin/../lib/gcc/arm-none-eabi/6.3.1/../../../../arm-none-eabi/lib/thumb/v6-m\libc.a(lib_a-__atexit.o)
                              c:/program files (x86)/atmel/studio/7.0/toolchain/arm/arm-gnu-toolchain/bin/../lib/gcc/arm-none-eabi/6.3.1/../../../../arm-none-eabi/lib/thumb/v6-m\libc.a(lib_a-atexit.o) (__register_exitproc)
c:/program files (x86)/atmel/studio/7.0/toolchain/arm/arm-gnu-toolchain/bin/../lib/gcc/arm-none-eabi/6.3.1/../../../../arm-none-eabi/lib/thumb/v6-m\libnosys.a(_exit.o)
                              c:/program files (x86)/atmel/studio/7.0/toolchain/arm/arm-gnu-toolchain/bin/../lib/gcc/arm-none-eabi/6.3.1/../../../../arm-none-eabi/lib/thumb/v6-m\libc.a(lib_a-exit.o) (_exit)

Allocating common symbols
Common symbol       size              file

__lock___atexit_recursive_mutex
                    0x1               c:/program files (x86)/atmel/studio/7.0/toolchain/arm/arm-gnu-toolchain/bin/../lib/gcc/arm-none-eabi/6.3.1/../../../../arm-none-eabi/lib/thumb/v6-m\libc.a(lib_a-lock.o)
__lock___arc4random_mutex
[...]
Memory Configuration

Name             Origin             Length             Attributes
rom              0x00000000         0x00040000         xr
ram              0x20000000         0x00008000         xrw
*default*        0x00000000         0xffffffff

Linker script and memory map

LOAD c:/program files (x86)/atmel/studio/7.0/toolchain/arm/arm-gnu-toolchain/bin/../lib/gcc/arm-none-eabi/6.3.1/thumb/v6-m/crti.o
LOAD c:/program files (x86)/atmel/studio/7.0/toolchain/arm/arm-gnu-toolchain/bin/../lib/gcc/arm-none-eabi/6.3.1/thumb/v6-m/crtbegin.o
LOAD c:/program files (x86)/atmel/studio/7.0/toolchain/arm/arm-gnu-toolchain/bin/../lib/gcc/arm-none-eabi/6.3.1/../../../../arm-none-eabi/lib/thumb/v6-m/crt0.o
LOAD crt_adc.o
LOAD crt_sercom.o
LOAD crt_spi.o
LOAD crt_usart.o
LOAD Device_Startup/startup_samd21.o
LOAD Device_Startup/system_samd21.o
LOAD main.o
START GROUP
LOAD c:/program files (x86)/atmel/studio/7.0/toolchain/arm/arm-gnu-toolchain/bin/../lib/gcc/arm-none-eabi/6.3.1/../../../../arm-none-eabi/lib/thumb/v6-m\libm.a
END GROUP
START GROUP
LOAD c:/program files (x86)/atmel/studio/7.0/toolchain/arm/arm-gnu-toolchain/bin/../lib/gcc/arm-none-eabi/6.3.1/thumb/v6-m\libgcc.a
LOAD c:/program files (x86)/atmel/studio/7.0/toolchain/arm/arm-gnu-toolchain/bin/../lib/gcc/arm-none-eabi/6.3.1/../../../../arm-none-eabi/lib/thumb/v6-m\libc.a
END GROUP
START GROUP
LOAD c:/program files (x86)/atmel/studio/7.0/toolchain/arm/arm-gnu-toolchain/bin/../lib/gcc/arm-none-eabi/6.3.1/thumb/v6-m\libgcc.a
LOAD c:/program files (x86)/atmel/studio/7.0/toolchain/arm/arm-gnu-toolchain/bin/../lib/gcc/arm-none-eabi/6.3.1/../../../../arm-none-eabi/lib/thumb/v6-m\libc.a
LOAD c:/program files (x86)/atmel/studio/7.0/toolchain/arm/arm-gnu-toolchain/bin/../lib/gcc/arm-none-eabi/6.3.1/../../../../arm-none-eabi/lib/thumb/v6-m\libnosys.a
END GROUP
LOAD c:/program files (x86)/atmel/studio/7.0/toolchain/arm/arm-gnu-toolchain/bin/../lib/gcc/arm-none-eabi/6.3.1/thumb/v6-m/crtend.o
LOAD c:/program files (x86)/atmel/studio/7.0/toolchain/arm/arm-gnu-toolchain/bin/../lib/gcc/arm-none-eabi/6.3.1/thumb/v6-m/crtn.o
                0x00002000                STACK_SIZE = DEFINED (STACK_SIZE)?STACK_SIZE:DEFINED (__stack_size__)?__stack_size__:0x2000

.text           0x00000000     0x109c
                0x00000000                . = ALIGN (0x4)
                0x00000000                _sfixed = .
 *(.vectors .vectors.*)
 .vectors       0x00000000       0xb4 Device_Startup/startup_samd21.o
                0x00000000                exception_table
 *(.text .text.* .gnu.linkonce.t.*)
 .text          0x000000b4       0x60 c:/program files (x86)/atmel/studio/7.0/toolchain/arm/arm-gnu-toolchain/bin/../lib/gcc/arm-none-eabi/6.3.1/thumb/v6-m/crtbegin.o
 .text.adc_init
                0x00000114      0x144 crt_adc.o
                0x00000114                adc_init
 .text.sercom_init
                0x00000258      0x1cc crt_sercom.o
                0x00000258                sercom_init
 .text.calculate_baud_value
                0x00000424       0xb8 crt_sercom.o
                0x00000424                calculate_baud_value
 .text.usart_pin_init
                0x000004dc      0x120 crt_usart.o
                0x000004dc                usart_pin_init
 .text.usart_init
                0x000005fc       0x54 crt_usart.o
                0x000005fc                usart_init
 .text.usart_is_busy
                0x00000650        0xc crt_usart.o
                0x00000650                usart_is_busy
 .text.usart_transmit_byte
                0x0000065c        0x6 crt_usart.o
                0x0000065c                usart_transmit_byte
 .text.usart_data_available
                0x00000662        0x8 crt_usart.o
                0x00000662                usart_data_available
 .text.usart_receive_byte
                0x0000066a        0x6 crt_usart.o
                0x0000066a                usart_receive_byte
 .text.Dummy_Handler
                0x00000670        0x2 Device_Startup/startup_samd21.o
                0x00000670                SVCall_Handler
                0x00000670                DMAC_Handler
                0x00000670                HardFault_Handler
                0x00000670                AC_Handler
                0x00000670                PendSV_Handler
                0x00000670                SERCOM1_Handler
                0x00000670                NonMaskableInt_Handler
                0x00000670                TCC1_Handler
                0x00000670                SERCOM2_Handler
                0x00000670                TCC0_Handler
                0x00000670                RTC_Handler
                0x00000670                EIC_Handler
                0x00000670                WDT_Handler
                0x00000670                TC4_Handler
                0x00000670                USB_Handler
                0x00000670                TC3_Handler
                0x00000670                Dummy_Handler
                0x00000670                PM_Handler
                0x00000670                SERCOM5_Handler
                0x00000670                TCC2_Handler
                0x00000670                EVSYS_Handler
                0x00000670                SERCOM3_Handler
                0x00000670                SERCOM4_Handler
                0x00000670                I2S_Handler
                0x00000670                NVMCTRL_Handler
                0x00000670                SERCOM0_Handler
                0x00000670                DAC_Handler
                0x00000670                PTC_Handler
                0x00000670                TC5_Handler
                0x00000670                SYSCTRL_Handler
 *fill*         0x00000672        0x2 
 .text.Reset_Handler
                0x00000674       0xe4 Device_Startup/startup_samd21.o
                0x00000674                Reset_Handler
 .text.SystemInit
                0x00000758       0x10 Device_Startup/system_samd21.o
                0x00000758                SystemInit
 .text.SysTick_Handler
                0x00000768       0x1c main.o
                0x00000768                SysTick_Handler
 .text.PT_setup
                0x00000784       0x40 main.o
                0x00000784                PT_setup
 .text.CLK_setup
                0x000007c4      0x10c main.o
                0x000007c4                CLK_setup
 .text.PT_get_serial_buffer
                0x000008d0      0x14c main.o
                0x000008d0                PT_get_serial_buffer
 .text.PT_put_serial_buffer
                0x00000a1c       0x70 main.o
                0x00000a1c                PT_put_serial_buffer
 .text.write_int_to_transmit
                0x00000a8c       0x54 main.o
                0x00000a8c                write_int_to_transmit
 .text.ADC_Handler
                0x00000ae0       0x38 main.o
                0x00000ae0                ADC_Handler
 .text.main     0x00000b18       0xcc main.o
                0x00000b18                main
 .text          0x00000be4      0x1d4 c:/program files (x86)/atmel/studio/7.0/toolchain/arm/arm-gnu-toolchain/bin/../lib/gcc/arm-none-eabi/6.3.1/thumb/v6-m\libgcc.a(_divsi3.o)
                0x00000be4                __divsi3
                0x00000be4                __aeabi_idiv
                0x00000db0                __aeabi_idivmod
 .text          0x00000db8        0x4 c:/program files (x86)/atmel/studio/7.0/toolchain/arm/arm-gnu-toolchain/bin/../lib/gcc/arm-none-eabi/6.3.1/thumb/v6-m\libgcc.a(_dvmd_tls.o)
                0x00000db8                __aeabi_idiv0
                0x00000db8                __aeabi_ldiv0
 .text          0x00000dbc       0x54 c:/program files (x86)/atmel/studio/7.0/toolchain/arm/arm-gnu-toolchain/bin/../lib/gcc/arm-none-eabi/6.3.1/thumb/v6-m\libgcc.a(_muldi3.o)
                0x00000dbc                __muldi3
                0x00000dbc                __aeabi_lmul
 .text.__libc_init_array
                0x00000e10       0x48 c:/program files (x86)/atmel/studio/7.0/toolchain/arm/arm-gnu-toolchain/bin/../lib/gcc/arm-none-eabi/6.3.1/../../../../arm-none-eabi/lib/thumb/v6-m\libc.a(lib_a-init.o)
                0x00000e10                __libc_init_array
 .text.memset   0x00000e58       0x94 c:/program files (x86)/atmel/studio/7.0/toolchain/arm/arm-gnu-toolchain/bin/../lib/gcc/arm-none-eabi/6.3.1/../../../../arm-none-eabi/lib/thumb/v6-m\libc.a(lib_a-memset.o)
                0x00000e58                memset
 .text.startup.register_fini
                0x00000eec       0x18 c:/program files (x86)/atmel/studio/7.0/toolchain/arm/arm-gnu-toolchain/bin/../lib/gcc/arm-none-eabi/6.3.1/../../../../arm-none-eabi/lib/thumb/v6-m\libc.a(lib_a-__call_atexit.o)
 .text.atexit   0x00000f04       0x10 c:/program files (x86)/atmel/studio/7.0/toolchain/arm/arm-gnu-toolchain/bin/../lib/gcc/arm-none-eabi/6.3.1/../../../../arm-none-eabi/lib/thumb/v6-m\libc.a(lib_a-atexit.o)
                0x00000f04                atexit
 .text.__libc_fini_array
                0x00000f14       0x34 c:/program files (x86)/atmel/studio/7.0/toolchain/arm/arm-gnu-toolchain/bin/../lib/gcc/arm-none-eabi/6.3.1/../../../../arm-none-eabi/lib/thumb/v6-m\libc.a(lib_a-fini.o)
                0x00000f14                __libc_fini_array
 .text.__retarget_lock_acquire_recursive
                0x00000f48        0x4 c:/program files (x86)/atmel/studio/7.0/toolchain/arm/arm-gnu-toolchain/bin/../lib/gcc/arm-none-eabi/6.3.1/../../../../arm-none-eabi/lib/thumb/v6-m\libc.a(lib_a-lock.o)
                0x00000f48                __retarget_lock_acquire_recursive
 .text.__retarget_lock_release_recursive
                0x00000f4c        0x4 c:/program files (x86)/atmel/studio/7.0/toolchain/arm/arm-gnu-toolchain/bin/../lib/gcc/arm-none-eabi/6.3.1/../../../../arm-none-eabi/lib/thumb/v6-m\libc.a(lib_a-lock.o)
                0x00000f4c                __retarget_lock_release_recursive
 .text.__register_exitproc
                0x00000f50       0xf4 c:/program files (x86)/atmel/studio/7.0/toolchain/arm/arm-gnu-toolchain/bin/../lib/gcc/arm-none-eabi/6.3.1/../../../../arm-none-eabi/lib/thumb/v6-m\libc.a(lib_a-__atexit.o)
                0x00000f50                __register_exitproc
 *(.glue_7t)
 .glue_7t       0x00001044        0x0 linker stubs
 *(.glue_7)
 .glue_7        0x00001044        0x0 linker stubs
 *(.rodata .rodata* .gnu.linkonce.r.*)
 .rodata        0x00001044       0x30 crt_sercom.o
 .rodata._global_impure_ptr
                0x00001074        0x4 c:/program files (x86)/atmel/studio/7.0/toolchain/arm/arm-gnu-toolchain/bin/../lib/gcc/arm-none-eabi/6.3.1/../../../../arm-none-eabi/lib/thumb/v6-m\libc.a(lib_a-impure.o)
                0x00001074                _global_impure_ptr
 *(.ARM.extab* .gnu.linkonce.armextab.*)
                0x00001078                . = ALIGN (0x4)
 *(.init)
 .init          0x00001078        0x4 c:/program files (x86)/atmel/studio/7.0/toolchain/arm/arm-gnu-toolchain/bin/../lib/gcc/arm-none-eabi/6.3.1/thumb/v6-m/crti.o
                0x00001078                _init
 .init          0x0000107c        0x8 c:/program files (x86)/atmel/studio/7.0/toolchain/arm/arm-gnu-toolchain/bin/../lib/gcc/arm-none-eabi/6.3.1/thumb/v6-m/crtn.o
                0x00001084                . = ALIGN (0x4)
                0x00001084                __preinit_array_start = .
 *(.preinit_array)
                0x00001084                __preinit_array_end = .
                0x00001084                . = ALIGN (0x4)
                0x00001084                __init_array_start = .
 *(SORT(.init_array.*))
 .init_array.00000
                0x00001084        0x4 c:/program files (x86)/atmel/studio/7.0/toolchain/arm/arm-gnu-toolchain/bin/../lib/gcc/arm-none-eabi/6.3.1/../../../../arm-none-eabi/lib/thumb/v6-m\libc.a(lib_a-__call_atexit.o)
 *(.init_array)
 .init_array    0x00001088        0x4 c:/program files (x86)/atmel/studio/7.0/toolchain/arm/arm-gnu-toolchain/bin/../lib/gcc/arm-none-eabi/6.3.1/thumb/v6-m/crtbegin.o
                0x0000108c                __init_array_end = .
                0x0000108c                . = ALIGN (0x4)
 *crtbegin.o(.ctors)
 *(EXCLUDE_FILE(*crtend.o) .ctors)
 *(SORT(.ctors.*))
 *crtend.o(.ctors)
                0x0000108c                . = ALIGN (0x4)
 *(.fini)
 .fini          0x0000108c        0x4 c:/program files (x86)/atmel/studio/7.0/toolchain/arm/arm-gnu-toolchain/bin/../lib/gcc/arm-none-eabi/6.3.1/thumb/v6-m/crti.o
                0x0000108c                _fini
 .fini          0x00001090        0x8 c:/program files (x86)/atmel/studio/7.0/toolchain/arm/arm-gnu-toolchain/bin/../lib/gcc/arm-none-eabi/6.3.1/thumb/v6-m/crtn.o
                0x00001098                . = ALIGN (0x4)
                0x00001098                __fini_array_start = .
 *(.fini_array)
 .fini_array    0x00001098        0x4 c:/program files (x86)/atmel/studio/7.0/toolchain/arm/arm-gnu-toolchain/bin/../lib/gcc/arm-none-eabi/6.3.1/thumb/v6-m/crtbegin.o
 *(SORT(.fini_array.*))
                0x0000109c                __fini_array_end = .
 *crtbegin.o(.dtors)
 *(EXCLUDE_FILE(*crtend.o) .dtors)
 *(SORT(.dtors.*))
 *crtend.o(.dtors)
                0x0000109c                . = ALIGN (0x4)
                0x0000109c                _efixed = .
                [!provide]                PROVIDE (__exidx_start, .)

.vfp11_veneer   0x0000109c        0x0
 .vfp11_veneer  0x0000109c        0x0 linker stubs

.v4_bx          0x0000109c        0x0
 .v4_bx         0x0000109c        0x0 linker stubs

.iplt           0x0000109c        0x0
 .iplt          0x0000109c        0x0 c:/program files (x86)/atmel/studio/7.0/toolchain/arm/arm-gnu-toolchain/bin/../lib/gcc/arm-none-eabi/6.3.1/thumb/v6-m/crtbegin.o

.eh_frame       0x0000109c        0x0
 .eh_frame      0x0000109c        0x0 c:/program files (x86)/atmel/studio/7.0/toolchain/arm/arm-gnu-toolchain/bin/../lib/gcc/arm-none-eabi/6.3.1/thumb/v6-m/crtbegin.o

.rel.dyn        0x0000109c        0x0
 .rel.iplt      0x0000109c        0x0 c:/program files (x86)/atmel/studio/7.0/toolchain/arm/arm-gnu-toolchain/bin/../lib/gcc/arm-none-eabi/6.3.1/thumb/v6-m/crtbegin.o

.jcr            0x0000109c        0x0
 .jcr           0x0000109c        0x0 c:/program files (x86)/atmel/studio/7.0/toolchain/arm/arm-gnu-toolchain/bin/../lib/gcc/arm-none-eabi/6.3.1/thumb/v6-m/crtbegin.o

.igot.plt       0x0000109c        0x0
 .igot.plt      0x0000109c        0x0 c:/program files (x86)/atmel/studio/7.0/toolchain/arm/arm-gnu-toolchain/bin/../lib/gcc/arm-none-eabi/6.3.1/thumb/v6-m/crtbegin.o

.ARM.exidx
 *(.ARM.exidx* .gnu.linkonce.armexidx.*)
                [!provide]                PROVIDE (__exidx_end, .)
                0x0000109c                . = ALIGN (0x4)
                0x0000109c                _etext = .

.relocate       0x20000000      0x474 load address 0x0000109c
                0x20000000                . = ALIGN (0x4)
                0x20000000                _srelocate = .
 *(.ramfunc .ramfunc.*)
 *(.data .data.*)
 .data          0x20000000        0x4 Device_Startup/system_samd21.o
                0x20000000                SystemCoreClock
 .data          0x20000004       0x40 main.o
                0x20000004                PT_send_buffer
 *fill*         0x20000044        0x4 
 .data.impure_data
                0x20000048      0x428 c:/program files (x86)/atmel/studio/7.0/toolchain/arm/arm-gnu-toolchain/bin/../lib/gcc/arm-none-eabi/6.3.1/../../../../arm-none-eabi/lib/thumb/v6-m\libc.a(lib_a-impure.o)
 .data.__atexit_recursive_mutex
                0x20000470        0x4 c:/program files (x86)/atmel/studio/7.0/toolchain/arm/arm-gnu-toolchain/bin/../lib/gcc/arm-none-eabi/6.3.1/../../../../arm-none-eabi/lib/thumb/v6-m\libc.a(lib_a-__call_atexit.o)
                0x20000470                __atexit_recursive_mutex
                0x20000474                . = ALIGN (0x4)
                0x20000474                _erelocate = .

.bss            0x20000474       0xa4 load address 0x00001510
                0x20000474                . = ALIGN (0x4)
                0x20000474                _sbss = .
                0x20000474                _szero = .
 *(.bss .bss.*)
 .bss           0x20000474       0x1c c:/program files (x86)/atmel/studio/7.0/toolchain/arm/arm-gnu-toolchain/bin/../lib/gcc/arm-none-eabi/6.3.1/thumb/v6-m/crtbegin.o
 .bss           0x20000490       0x18 main.o
                0x20000490                pt_task_count
                0x200004a4                pt_sched_method
 *(COMMON)
 COMMON         0x200004a8       0x4c main.o
                0x200004a8                num_send_chars
                0x200004ac                time_tick_millsec
                0x200004b0                ul_tickcount
                0x200004b4                PT_term_buffer
 COMMON         0x200004f4       0x21 c:/program files (x86)/atmel/studio/7.0/toolchain/arm/arm-gnu-toolchain/bin/../lib/gcc/arm-none-eabi/6.3.1/../../../../arm-none-eabi/lib/thumb/v6-m\libc.a(lib_a-lock.o)
                0x200004f4                __lock___atexit_recursive_mutex
                0x200004f8                __lock___arc4random_mutex
                0x200004fc                __lock___env_recursive_mutex
                0x20000500                __lock___sinit_recursive_mutex
                0x20000504                __lock___malloc_recursive_mutex
                0x20000508                __lock___at_quick_exit_mutex
                0x2000050c                __lock___dd_hash_mutex
                0x20000510                __lock___tz_mutex
                0x20000514                __lock___sfp_recursive_mutex
                0x20000518                . = ALIGN (0x4)
 *fill*         0x20000515        0x3 
                0x20000518                _ebss = .
                0x20000518                _ezero = .

.stack          0x20000518     0x2000 load address 0x000015b4
                0x20000518                . = ALIGN (0x8)
                0x20000518                _sstack = .
                0x20002518                . = (. + STACK_SIZE)
 *fill*         0x20000518     0x2000 
                0x20002518                . = ALIGN (0x8)
                0x20002518                _estack = .
                0x20002518                . = ALIGN (0x4)
                0x20002518                _end = .
OUTPUT(CRTOS.elf elf32-littlearm)

.ARM.attributes
                0x00000000       0x28
 .ARM.attributes
                0x00000000       0x1e c:/program files (x86)/atmel/studio/7.0/toolchain/arm/arm-gnu-toolchain/bin/../lib/gcc/arm-none-eabi/6.3.1/thumb/v6-m/crti.o
 .ARM.attributes
                0x0000001e       0x2c c:/program files (x86)/atmel/studio/7.0/toolchain/arm/arm-gnu-toolchain/bin/../lib/gcc/arm-none-eabi/6.3.1/thumb/v6-m/crtbegin.o
 .ARM.attributes
                0x0000004a       0x32 crt_adc.o
 .ARM.attributes
                0x0000007c       0x32 crt_sercom.o
 .ARM.attributes
                0x000000ae       0x32 crt_usart.o
 .ARM.attributes
                0x000000e0       0x32 Device_Startup/startup_samd21.o
 .ARM.attributes
                0x00000112       0x32 Device_Startup/system_samd21.o
 .ARM.attributes
                0x00000144       0x32 main.o
 .ARM.attributes
                0x00000176       0x1e c:/program files (x86)/atmel/studio/7.0/toolchain/arm/arm-gnu-toolchain/bin/../lib/gcc/arm-none-eabi/6.3.1/thumb/v6-m\libgcc.a(_divsi3.o)
 .ARM.attributes
                0x00000194       0x1e c:/program files (x86)/atmel/studio/7.0/toolchain/arm/arm-gnu-toolchain/bin/../lib/gcc/arm-none-eabi/6.3.1/thumb/v6-m\libgcc.a(_dvmd_tls.o)
 .ARM.attributes
                0x000001b2       0x2c c:/program files (x86)/atmel/studio/7.0/toolchain/arm/arm-gnu-toolchain/bin/../lib/gcc/arm-none-eabi/6.3.1/thumb/v6-m\libgcc.a(_muldi3.o)
 .ARM.attributes
                0x000001de       0x2c c:/program files (x86)/atmel/studio/7.0/toolchain/arm/arm-gnu-toolchain/bin/../lib/gcc/arm-none-eabi/6.3.1/../../../../arm-none-eabi/lib/thumb/v6-m\libc.a(lib_a-impure.o)
 .ARM.attributes
                0x0000020a       0x2c c:/program files (x86)/atmel/studio/7.0/toolchain/arm/arm-gnu-toolchain/bin/../lib/gcc/arm-none-eabi/6.3.1/../../../../arm-none-eabi/lib/thumb/v6-m\libc.a(lib_a-init.o)
 .ARM.attributes
                0x00000236       0x2c c:/program files (x86)/atmel/studio/7.0/toolchain/arm/arm-gnu-toolchain/bin/../lib/gcc/arm-none-eabi/6.3.1/../../../../arm-none-eabi/lib/thumb/v6-m\libc.a(lib_a-memset.o)
 .ARM.attributes
                0x00000262       0x2c c:/program files (x86)/atmel/studio/7.0/toolchain/arm/arm-gnu-toolchain/bin/../lib/gcc/arm-none-eabi/6.3.1/../../../../arm-none-eabi/lib/thumb/v6-m\libc.a(lib_a-__call_atexit.o)
 .ARM.attributes
                0x0000028e       0x2c c:/program files (x86)/atmel/studio/7.0/toolchain/arm/arm-gnu-toolchain/bin/../lib/gcc/arm-none-eabi/6.3.1/../../../../arm-none-eabi/lib/thumb/v6-m\libc.a(lib_a-atexit.o)
 .ARM.attributes
                0x000002ba       0x2c c:/program files (x86)/atmel/studio/7.0/toolchain/arm/arm-gnu-toolchain/bin/../lib/gcc/arm-none-eabi/6.3.1/../../../../arm-none-eabi/lib/thumb/v6-m\libc.a(lib_a-fini.o)
 .ARM.attributes
                0x000002e6       0x2c c:/program files (x86)/atmel/studio/7.0/toolchain/arm/arm-gnu-toolchain/bin/../lib/gcc/arm-none-eabi/6.3.1/../../../../arm-none-eabi/lib/thumb/v6-m\libc.a(lib_a-lock.o)
 .ARM.attributes
                0x00000312       0x2c c:/program files (x86)/atmel/studio/7.0/toolchain/arm/arm-gnu-toolchain/bin/../lib/gcc/arm-none-eabi/6.3.1/../../../../arm-none-eabi/lib/thumb/v6-m\libc.a(lib_a-__atexit.o)
 .ARM.attributes
                0x0000033e       0x1e c:/program files (x86)/atmel/studio/7.0/toolchain/arm/arm-gnu-toolchain/bin/../lib/gcc/arm-none-eabi/6.3.1/thumb/v6-m/crtn.o

.comment        0x00000000       0x59
 .comment       0x00000000       0x59 crt_adc.o
                                 0x5a (size before relaxing)
 .comment       0x00000059       0x5a crt_sercom.o
 .comment       0x00000059       0x5a crt_usart.o
 .comment       0x00000059       0x5a Device_Startup/startup_samd21.o
 .comment       0x00000059       0x5a Device_Startup/system_samd21.o
 .comment       0x00000059       0x5a main.o

.debug_info     0x00000000    0x118eb
 .debug_info    0x00000000     0x23f5 crt_adc.o
 .debug_info    0x000023f5     0x3b07 crt_sercom.o
 .debug_info    0x00005efc     0x25fc crt_usart.o
 .debug_info    0x000084f8     0x3a28 Device_Startup/startup_samd21.o
 .debug_info    0x0000bf20       0xd5 Device_Startup/system_samd21.o
 .debug_info    0x0000bff5     0x58f6 main.o

.debug_abbrev   0x00000000      0xc6c
 .debug_abbrev  0x00000000      0x186 crt_adc.o
 .debug_abbrev  0x00000186      0x22a crt_sercom.o
 .debug_abbrev  0x000003b0      0x203 crt_usart.o
 .debug_abbrev  0x000005b3      0x234 Device_Startup/startup_samd21.o
 .debug_abbrev  0x000007e7       0x72 Device_Startup/system_samd21.o
 .debug_abbrev  0x00000859      0x413 main.o

.debug_loc      0x00000000      0x9a4
 .debug_loc     0x00000000       0x4a crt_adc.o
 .debug_loc     0x0000004a      0x27f crt_sercom.o
 .debug_loc     0x000002c9      0x2ec crt_usart.o
 .debug_loc     0x000005b5       0x40 Device_Startup/startup_samd21.o
 .debug_loc     0x000005f5      0x3af main.o

.debug_aranges  0x00000000      0x140
 .debug_aranges
                0x00000000       0x20 crt_adc.o
 .debug_aranges
                0x00000020       0x28 crt_sercom.o
 .debug_aranges
                0x00000048       0x48 crt_usart.o
 .debug_aranges
                0x00000090       0x28 Device_Startup/startup_samd21.o
 .debug_aranges
                0x000000b8       0x28 Device_Startup/system_samd21.o
 .debug_aranges
                0x000000e0       0x60 main.o

.debug_ranges   0x00000000      0x1f8
 .debug_ranges  0x00000000       0x10 crt_adc.o
 .debug_ranges  0x00000010       0x18 crt_sercom.o
 .debug_ranges  0x00000028       0x38 crt_usart.o
 .debug_ranges  0x00000060       0x18 Device_Startup/startup_samd21.o
 .debug_ranges  0x00000078       0x18 Device_Startup/system_samd21.o
 .debug_ranges  0x00000090      0x168 main.o

.debug_macro    0x00000000    0x11acf
 .debug_macro   0x00000000      0x2fc crt_adc.o
 .debug_macro   0x000002fc      0x89e crt_adc.o
 .debug_macro   0x00000b9a       0x22 crt_adc.o
 .debug_macro   0x00000bbc       0x87 crt_adc.o
 .debug_macro   0x00000c43       0x51 crt_adc.o
 .debug_macro   0x00000c94       0xef crt_adc.o
 .debug_macro   0x00000d83       0x6a crt_adc.o
 .debug_macro   0x00000ded      0x1df crt_adc.o
 .debug_macro   0x00000fcc       0x39 crt_adc.o
 .debug_macro   0x00001005       0x1c crt_adc.o
 .debug_macro   0x00001021       0x22 crt_adc.o
 .debug_macro   0x00001043       0xb5 crt_adc.o
 .debug_macro   0x000010f8      0x3ad crt_adc.o
 .debug_macro   0x000014a5      0x67e crt_adc.o
 .debug_macro   0x00001b23      0x8b1 crt_adc.o
 .debug_macro   0x000023d4      0x22e crt_adc.o
 .debug_macro   0x00002602      0xd5c crt_adc.o
 .debug_macro   0x0000335e      0x4dc crt_adc.o
 .debug_macro   0x0000383a      0x9f6 crt_adc.o
 .debug_macro   0x00004230      0x82b crt_adc.o
 .debug_macro   0x00004a5b      0x45f crt_adc.o
 .debug_macro   0x00004eba       0x5e crt_adc.o
 .debug_macro   0x00004f18      0x8f9 crt_adc.o
 .debug_macro   0x00005811      0x21c crt_adc.o
 .debug_macro   0x00005a2d      0x735 crt_adc.o
 .debug_macro   0x00006162       0x5e crt_adc.o
 .debug_macro   0x000061c0      0x632 crt_adc.o
 .debug_macro   0x000067f2      0x3ac crt_adc.o
 .debug_macro   0x00006b9e      0xc76 crt_adc.o
 .debug_macro   0x00007814     0x1092 crt_adc.o
 .debug_macro   0x000088a6      0xc4a crt_adc.o
 .debug_macro   0x000094f0      0x6ba crt_adc.o
 .debug_macro   0x00009baa     0x1b3d crt_adc.o
 .debug_macro   0x0000b6e7     0x143c crt_adc.o
 .debug_macro   0x0000cb23      0x340 crt_adc.o
 .debug_macro   0x0000ce63       0x7c crt_adc.o
 .debug_macro   0x0000cedf       0xa0 crt_adc.o
 .debug_macro   0x0000cf7f       0x4c crt_adc.o
 .debug_macro   0x0000cfcb       0xca crt_adc.o
 .debug_macro   0x0000d095       0x94 crt_adc.o
 .debug_macro   0x0000d129       0x58 crt_adc.o
 .debug_macro   0x0000d181      0x341 crt_adc.o
 .debug_macro   0x0000d4c2       0x82 crt_adc.o
 .debug_macro   0x0000d544      0x189 crt_adc.o
 .debug_macro   0x0000d6cd       0xb8 crt_adc.o
 .debug_macro   0x0000d785       0xa0 crt_adc.o
 .debug_macro   0x0000d825       0xb2 crt_adc.o
 .debug_macro   0x0000d8d7       0x1c crt_adc.o
 .debug_macro   0x0000d8f3       0x1c crt_adc.o
 .debug_macro   0x0000d90f       0x1c crt_adc.o
 .debug_macro   0x0000d92b       0x7c crt_adc.o
 .debug_macro   0x0000d9a7      0x15a crt_adc.o
 .debug_macro   0x0000db01       0x10 crt_adc.o
 .debug_macro   0x0000db11       0xdc crt_adc.o
 .debug_macro   0x0000dbed      0x124 crt_adc.o
 .debug_macro   0x0000dd11      0x124 crt_adc.o
 .debug_macro   0x0000de35      0x124 crt_adc.o
 .debug_macro   0x0000df59      0x124 crt_adc.o
 .debug_macro   0x0000e07d      0x124 crt_adc.o
 .debug_macro   0x0000e1a1      0x124 crt_adc.o
 .debug_macro   0x0000e2c5      0x124 crt_adc.o
 .debug_macro   0x0000e3e9       0xe2 crt_adc.o
 .debug_macro   0x0000e4cb       0xe2 crt_adc.o
 .debug_macro   0x0000e5ad       0xe2 crt_adc.o
 .debug_macro   0x0000e68f      0x12a crt_adc.o
 .debug_macro   0x0000e7b9      0x100 crt_adc.o
 .debug_macro   0x0000e8b9       0xf4 crt_adc.o
 .debug_macro   0x0000e9ad      0x40f crt_adc.o
 .debug_macro   0x0000edbc       0x40 crt_adc.o
 .debug_macro   0x0000edfc      0x376 crt_adc.o
 .debug_macro   0x0000f172     0x17df crt_adc.o
 .debug_macro   0x00010951       0x6d crt_adc.o
 .debug_macro   0x000109be      0x306 crt_sercom.o
 .debug_macro   0x00010cc4      0x31b crt_usart.o
 .debug_macro   0x00010fdf       0x1c crt_usart.o
 .debug_macro   0x00010ffb      0x2fc Device_Startup/startup_samd21.o
 .debug_macro   0x000112f7      0x302 Device_Startup/system_samd21.o
 .debug_macro   0x000115f9      0x339 main.o
 .debug_macro   0x00011932       0x58 main.o
 .debug_macro   0x0001198a      0x145 main.o

.debug_line     0x00000000     0x2c4b
 .debug_line    0x00000000      0x701 crt_adc.o
 .debug_line    0x00000701      0x74e crt_sercom.o
 .debug_line    0x00000e4f      0x75d crt_usart.o
 .debug_line    0x000015ac      0x6f7 Device_Startup/startup_samd21.o
 .debug_line    0x00001ca3      0x6e2 Device_Startup/system_samd21.o
 .debug_line    0x00002385      0x8c6 main.o

.debug_str      0x00000000    0x6ff34
 .debug_str     0x00000000    0x6d5f8 crt_adc.o
                              0x6d992 (size before relaxing)
 .debug_str     0x0006d5f8      0x8ed crt_sercom.o
                              0x6de47 (size before relaxing)
 .debug_str     0x0006dee5      0x12a crt_usart.o
                              0x6d9ae (size before relaxing)
 .debug_str     0x0006e00f     0x1025 Device_Startup/startup_samd21.o
                              0x6e1ee (size before relaxing)
 .debug_str     0x0006f034       0x5c Device_Startup/system_samd21.o
                              0x6d072 (size before relaxing)
 .debug_str     0x0006f090      0xea4 main.o
                              0x6f2c4 (size before relaxing)

.debug_frame    0x00000000      0x4bc
 .debug_frame   0x00000000       0x28 crt_adc.o
 .debug_frame   0x00000028       0x58 crt_sercom.o
 .debug_frame   0x00000080       0x98 crt_usart.o
 .debug_frame   0x00000118       0x40 Device_Startup/startup_samd21.o
 .debug_frame   0x00000158       0x30 Device_Startup/system_samd21.o
 .debug_frame   0x00000188       0xf0 main.o
 .debug_frame   0x00000278       0x20 c:/program files (x86)/atmel/studio/7.0/toolchain/arm/arm-gnu-toolchain/bin/../lib/gcc/arm-none-eabi/6.3.1/thumb/v6-m\libgcc.a(_divsi3.o)
 .debug_frame   0x00000298       0x34 c:/program files (x86)/atmel/studio/7.0/toolchain/arm/arm-gnu-toolchain/bin/../lib/gcc/arm-none-eabi/6.3.1/thumb/v6-m\libgcc.a(_muldi3.o)
 .debug_frame   0x000002cc       0x2c c:/program files (x86)/atmel/studio/7.0/toolchain/arm/arm-gnu-toolchain/bin/../lib/gcc/arm-none-eabi/6.3.1/../../../../arm-none-eabi/lib/thumb/v6-m\libc.a(lib_a-init.o)
 .debug_frame   0x000002f8       0x30 c:/program files (x86)/atmel/studio/7.0/toolchain/arm/arm-gnu-toolchain/bin/../lib/gcc/arm-none-eabi/6.3.1/../../../../arm-none-eabi/lib/thumb/v6-m\libc.a(lib_a-memset.o)
 .debug_frame   0x00000328       0x54 c:/program files (x86)/atmel/studio/7.0/toolchain/arm/arm-gnu-toolchain/bin/../lib/gcc/arm-none-eabi/6.3.1/../../../../arm-none-eabi/lib/thumb/v6-m\libc.a(lib_a-__call_atexit.o)
 .debug_frame   0x0000037c       0x28 c:/program files (x86)/atmel/studio/7.0/toolchain/arm/arm-gnu-toolchain/bin/../lib/gcc/arm-none-eabi/6.3.1/../../../../arm-none-eabi/lib/thumb/v6-m\libc.a(lib_a-atexit.o)
 .debug_frame   0x000003a4       0x2c c:/program files (x86)/atmel/studio/7.0/toolchain/arm/arm-gnu-toolchain/bin/../lib/gcc/arm-none-eabi/6.3.1/../../../../arm-none-eabi/lib/thumb/v6-m\libc.a(lib_a-fini.o)
 .debug_frame   0x000003d0       0xb0 c:/program files (x86)/atmel/studio/7.0/toolchain/arm/arm-gnu-toolchain/bin/../lib/gcc/arm-none-eabi/6.3.1/../../../../arm-none-eabi/lib/thumb/v6-m\libc.a(lib_a-lock.o)
 .debug_frame   0x00000480       0x3c c:/program files (x86)/atmel/studio/7.0/toolchain/arm/arm-gnu-toolchain/bin/../lib/gcc/arm-none-eabi/6.3.1/../../../../arm-none-eabi/lib/thumb/v6-m\libc.a(lib_a-__atexit.o)
